


ARM Macro Assembler    Page 1 


    1 00000000                 AREA             mydata, DATA, READONLY
    2 00000000 00000001 
              00000002 
              00000003 array1  DCD              1,2,3
    3 0000000C 00000004 
              00000005 
              00000006         DCD              4,5,6
    4 00000018 00000007 
              00000008 
              00000009         DCD              7,8,9
    5 00000024                 area             mydata1 , DATA
    6 00000000         
    7 00000000 00000000 
              00000000 
              00000000 array2  DCD              0,0,0
    8 0000000C 00000000 
              00000000 
              00000000         DCD              0,0,0
    9 00000018 00000000 
              00000000 
              00000000         DCD              0,0,0
   10 00000024                 AREA             mycode, CODE, READONLY
   11 00000000                 EXPORT           __main
   12 00000000         
   13 00000000         __main
   14 00000000         
   15 00000000 4814            ldr              r0, =array1
   16 00000002 4915            ldr              r1, =array2
   17 00000004 F04F 0200       mov              r2, #0
   18 00000008 F04F 0300       mov              r3, #0
   19 0000000C         
   20 0000000C         loop1
   21 0000000C 2A03            cmp              r2,#3
   22 0000000E DA1D            bge              endloop
   23 00000010 F04F 0300       mov              r3, #0
   24 00000014         loop2
   25 00000014 2B03            cmp              r3,#3
   26 00000016 DA16            bge              contloop1
   27 00000018         ; r2 -> i , r3 ->j 
   28 00000018         ; todo -> r1[i][j] = r0[j][i]
   29 00000018         ; r4 -> address of r1[i,j]
   30 00000018 F04F 0403       mov              r4, #3
   31 0000001C F04F 0504       mov              r5, #4
   32 00000020 FB04 F402       mul              r4,r4,r2
   33 00000024 441C            add              r4,r4,r3
   34 00000026 FB04 F405       mul              r4,r4,r5
   35 0000002A 440C            add              r4, r4,r1
   36 0000002C         
   37 0000002C         ; r5 -> address of r0[j,i]
   38 0000002C F04F 0603       mov              r6,#3
   39 00000030 FB03 F606       mul              r6,r3,r6
   40 00000034 4416            add              r6,r6,r2
   41 00000036 FB06 F605       mul              r6,r6,r5
   42 0000003A 4406            add              r6,r6,r0
   43 0000003C 6837            ldr              r7,[r6]
   44 0000003E         ;storing the transpose
   45 0000003E 6027            str              r7,[r4]
   46 00000040         
   47 00000040 F103 0301       add              r3,r3,#1



ARM Macro Assembler    Page 2 


   48 00000044 E7E6            B                loop2
   49 00000046         
   50 00000046         contloop1
   51 00000046 F102 0201       add              r2,r2,#1
   52 0000004A E7DF            B                loop1
   53 0000004C         
   54 0000004C         endloop
   55 0000004C F8DF A008       ldr              r10,=array2
   56 00000050 E7FF            B                stop
   57 00000052 E7FE    stop    B                stop
   58 00000054                 END
              00000000 
              00000000 
Command Line: --debug --xref --diag_suppress=9931 --cpu=Cortex-M4.fp --apcs=int
erwork --depend=.\objects\2darraytranspose.d -o.\objects\2darraytranspose.o -I.
\RTE\_Target_1 -I"C:\Users\Nirbhay sharma\AppData\Local\Arm\Packs\ARM\CMSIS\5.5
.1\CMSIS\Core\Include" -I"C:\Users\Nirbhay sharma\AppData\Local\Arm\Packs\Keil\
STM32F4xx_DFP\2.14.0\Drivers\CMSIS\Device\ST\STM32F4xx\Include" --predefine="__
EVAL SETA 1" --predefine="__UVISION_VERSION SETA 528" --predefine="_RTE_ SETA 1
" --predefine="STM32F407xx SETA 1" --list=.\listings\2darraytranspose.lst 2darr
aytranspose.s



ARM Macro Assembler    Page 1 Alphabetic symbol ordering
Relocatable symbols

array1 00000000

Symbol: array1
   Definitions
      At line 2 in file 2darraytranspose.s
   Uses
      At line 15 in file 2darraytranspose.s
Comment: array1 used once
mydata 00000000

Symbol: mydata
   Definitions
      At line 1 in file 2darraytranspose.s
   Uses
      None
Comment: mydata unused
2 symbols



ARM Macro Assembler    Page 1 Alphabetic symbol ordering
Relocatable symbols

array2 00000000

Symbol: array2
   Definitions
      At line 7 in file 2darraytranspose.s
   Uses
      At line 16 in file 2darraytranspose.s
      At line 55 in file 2darraytranspose.s

mydata1 00000000

Symbol: mydata1
   Definitions
      At line 5 in file 2darraytranspose.s
   Uses
      None
Comment: mydata1 unused
2 symbols



ARM Macro Assembler    Page 1 Alphabetic symbol ordering
Relocatable symbols

__main 00000000

Symbol: __main
   Definitions
      At line 13 in file 2darraytranspose.s
   Uses
      At line 11 in file 2darraytranspose.s
Comment: __main used once
contloop1 00000046

Symbol: contloop1
   Definitions
      At line 50 in file 2darraytranspose.s
   Uses
      At line 26 in file 2darraytranspose.s
Comment: contloop1 used once
endloop 0000004C

Symbol: endloop
   Definitions
      At line 54 in file 2darraytranspose.s
   Uses
      At line 22 in file 2darraytranspose.s
Comment: endloop used once
loop1 0000000C

Symbol: loop1
   Definitions
      At line 20 in file 2darraytranspose.s
   Uses
      At line 52 in file 2darraytranspose.s
Comment: loop1 used once
loop2 00000014

Symbol: loop2
   Definitions
      At line 24 in file 2darraytranspose.s
   Uses
      At line 48 in file 2darraytranspose.s
Comment: loop2 used once
mycode 00000000

Symbol: mycode
   Definitions
      At line 10 in file 2darraytranspose.s
   Uses
      None
Comment: mycode unused
stop 00000052

Symbol: stop
   Definitions
      At line 57 in file 2darraytranspose.s
   Uses
      At line 56 in file 2darraytranspose.s
      At line 57 in file 2darraytranspose.s

7 symbols
348 symbols in table
