


ARM Macro Assembler    Page 1 


    1 00000000                 AREA             mydata, DATA, READONLY
    2 00000000 00000007 
                       data1   DCD              7
    3 00000004                 AREA             mydata1, DATA
    4 00000000 00000000 
                       data2   DCD              0
    5 00000004                 AREA             value, CODE
    6 00000000                 EXPORT           __main
    7 00000000         __main
    8 00000000 4B03            LDR              r3,=data1
    9 00000002 6818            LDR              r0,[r3]
   10 00000004         ;mov r0, #2
   11 00000004 F100 0003       ADD              r0,r0,#3
   12 00000008 4902            LDR              r1,=data2
   13 0000000A 6008            STR              r0,[r1]
   14 0000000C         
   15 0000000C 4B01            LDR              r3,=data2
   16 0000000E         ;MOV r1,#3
   17 0000000E         ;MUL r0, r0,r1
   18 0000000E         
   19 0000000E         ;mul r0,r0,r1
   20 0000000E         ;mul r0,r0,r1
   21 0000000E E7FE    stop    B                stop
   22 00000010                 END
              00000000 
              00000000 
Command Line: --debug --xref --diag_suppress=9931 --cpu=Cortex-M4.fp --apcs=int
erwork --depend=.\objects\armfile.d -o.\objects\armfile.o -I.\RTE\_Target_1 -I"
C:\Users\Nirbhay sharma\AppData\Local\Arm\Packs\ARM\CMSIS\5.5.1\CMSIS\Core\Incl
ude" -I"C:\Users\Nirbhay sharma\AppData\Local\Arm\Packs\Keil\STM32F4xx_DFP\2.14
.0\Drivers\CMSIS\Device\ST\STM32F4xx\Include" --predefine="__EVAL SETA 1" --pre
define="__UVISION_VERSION SETA 528" --predefine="_RTE_ SETA 1" --predefine="STM
32F407xx SETA 1" --list=.\listings\armfile.lst armfile.s



ARM Macro Assembler    Page 1 Alphabetic symbol ordering
Relocatable symbols

data1 00000000

Symbol: data1
   Definitions
      At line 2 in file armfile.s
   Uses
      At line 8 in file armfile.s
Comment: data1 used once
mydata 00000000

Symbol: mydata
   Definitions
      At line 1 in file armfile.s
   Uses
      None
Comment: mydata unused
2 symbols



ARM Macro Assembler    Page 1 Alphabetic symbol ordering
Relocatable symbols

data2 00000000

Symbol: data2
   Definitions
      At line 4 in file armfile.s
   Uses
      At line 12 in file armfile.s
      At line 15 in file armfile.s

mydata1 00000000

Symbol: mydata1
   Definitions
      At line 3 in file armfile.s
   Uses
      None
Comment: mydata1 unused
2 symbols



ARM Macro Assembler    Page 1 Alphabetic symbol ordering
Relocatable symbols

__main 00000000

Symbol: __main
   Definitions
      At line 7 in file armfile.s
   Uses
      At line 6 in file armfile.s
Comment: __main used once
stop 0000000E

Symbol: stop
   Definitions
      At line 21 in file armfile.s
   Uses
      At line 21 in file armfile.s
Comment: stop used once
value 00000000

Symbol: value
   Definitions
      At line 5 in file armfile.s
   Uses
      None
Comment: value unused
3 symbols
344 symbols in table
