


ARM Macro Assembler    Page 1 


    1 00000000                 AREA             mydatas, DATA,READONLY
    2 00000000 00000001 
              00000002 
              00000003 
              00000004 
              00000005 
              00000006 
              00000007 
              00000008 
              00000009 
              0000000A a       DCD              1,2,3,4,5,6,7,8,9,10
    3 00000028         ;data1 space 40
    4 00000028                 AREA             mydata,DATA
    5 00000000 00000000 
              00000000 
              00000000 
              00000000 
              00000000 
              00000000 
              00000000 
              00000000 
              00000000 
              00000000 data1   DCD              0,0,0,0,0,0,0,0,0,0
    6 00000028         
    7 00000028                 area             spaceuse, code,Readonly
    8 00000000                 export           __main
    9 00000000         
   10 00000000         __main
   11 00000000 480A            LDR              r0, =data1  ; load address of d
                                                            ata1
   12 00000002 490B            LDR              r1, =a      ; load address of a
                                                            
   13 00000004         
   14 00000004 F04F 0200       MOV              r2, #0      ; index
   15 00000008         
   16 00000008         ;ldr r1, =a
   17 00000008         
   18 00000008         loop
   19 00000008 2A09            cmp              r2,#9       ; comparing with 9 
                                                            as loop needs to be
                                                             stopped at that
   20 0000000A DC08            bgt              checkcopy   ; jump to checkcopy
                                                             to see that array 
                                                            is copied or not
   21 0000000C 680C            LDR              r4, [r1]    ; load first value 
                                                            of array a into r4
   22 0000000E 6004            str              r4,[r0]     ; store r4 value at
                                                             r0 first location 
                                                            i.e copying first v
                                                            alue at of a to dat
                                                            a1
   23 00000010 F100 0004       ADD              r0, r0, #4  ; increment the add
                                                            ress of r0 by 4 to 
                                                            reach next value
   24 00000014 F101 0104       ADD              r1, r1, #4  ; similar to above
   25 00000018 F102 0201       ADD              r2, r2 ,#1  ; increment counter
                                                             
   26 0000001C E7F4            B                loop        ; again loop 
   27 0000001E         



ARM Macro Assembler    Page 2 


   28 0000001E         checkcopy
   29 0000001E 4803            ldr              r0, =data1  ; store addr or dat
                                                            a1 in r0
   30 00000020         ; this for checking that copying is done or not
   31 00000020 6805            ldr              r5, [r0]
   32 00000022 6886            ldr              r6,[r0 , #8]
   33 00000024 6947            ldr              r7 ,[r0, #20]
   34 00000026         
   35 00000026 E7FF            b                stop
   36 00000028 E7FE    stop    B                stop
   37 0000002A                 end
              00 00 00000000 
              00000000 
Command Line: --debug --xref --diag_suppress=9931 --cpu=Cortex-M4.fp --apcs=int
erwork --depend=.\objects\spaceuse.d -o.\objects\spaceuse.o -I.\RTE\_Target_1 -
I"C:\Users\Nirbhay sharma\AppData\Local\Arm\Packs\ARM\CMSIS\5.5.1\CMSIS\Core\In
clude" -I"C:\Users\Nirbhay sharma\AppData\Local\Arm\Packs\Keil\STM32F4xx_DFP\2.
14.0\Drivers\CMSIS\Device\ST\STM32F4xx\Include" --predefine="__EVAL SETA 1" --p
redefine="__UVISION_VERSION SETA 528" --predefine="_RTE_ SETA 1" --predefine="S
TM32F407xx SETA 1" --list=.\listings\spaceuse.lst SPACEUSE.s



ARM Macro Assembler    Page 1 Alphabetic symbol ordering
Relocatable symbols

a 00000000

Symbol: a
   Definitions
      At line 2 in file SPACEUSE.s
   Uses
      At line 12 in file SPACEUSE.s
Comment: a used once
mydatas 00000000

Symbol: mydatas
   Definitions
      At line 1 in file SPACEUSE.s
   Uses
      None
Comment: mydatas unused
2 symbols



ARM Macro Assembler    Page 1 Alphabetic symbol ordering
Relocatable symbols

data1 00000000

Symbol: data1
   Definitions
      At line 5 in file SPACEUSE.s
   Uses
      At line 11 in file SPACEUSE.s
      At line 29 in file SPACEUSE.s

mydata 00000000

Symbol: mydata
   Definitions
      At line 4 in file SPACEUSE.s
   Uses
      None
Comment: mydata unused
2 symbols



ARM Macro Assembler    Page 1 Alphabetic symbol ordering
Relocatable symbols

__main 00000000

Symbol: __main
   Definitions
      At line 10 in file SPACEUSE.s
   Uses
      At line 8 in file SPACEUSE.s
Comment: __main used once
checkcopy 0000001E

Symbol: checkcopy
   Definitions
      At line 28 in file SPACEUSE.s
   Uses
      At line 20 in file SPACEUSE.s
Comment: checkcopy used once
loop 00000008

Symbol: loop
   Definitions
      At line 18 in file SPACEUSE.s
   Uses
      At line 26 in file SPACEUSE.s
Comment: loop used once
spaceuse 00000000

Symbol: spaceuse
   Definitions
      At line 7 in file SPACEUSE.s
   Uses
      None
Comment: spaceuse unused
stop 00000028

Symbol: stop
   Definitions
      At line 36 in file SPACEUSE.s
   Uses
      At line 35 in file SPACEUSE.s
      At line 36 in file SPACEUSE.s

5 symbols
346 symbols in table
